orders:hello
